2025-03-01 07:45:43,672 [DEBUG]  Available web server routes: 
/conversations/<conversation_id:path>/messages     POST                           add_message
/conversations/<conversation_id:path>/tracker/events POST                           append_events
/webhooks/rasa                                     GET                            custom_webhook_RasaChatInput.health
/webhooks/rasa/webhook                             POST                           custom_webhook_RasaChatInput.receive
/webhooks/rest                                     GET                            custom_webhook_RestInput.health
/webhooks/rest/webhook                             POST                           custom_webhook_RestInput.receive
/model/test/intents                                POST                           evaluate_intents
/model/test/stories                                POST                           evaluate_stories
/conversations/<conversation_id:path>/execute      POST                           execute_action
/domain                                            GET                            get_domain
/                                                  GET                            hello
/model                                             PUT                            load_model
/model/parse                                       POST                           parse
/conversations/<conversation_id:path>/predict      POST                           predict
/conversations/<conversation_id:path>/tracker/events PUT                            replace_events
/conversations/<conversation_id:path>/story        GET                            retrieve_story
/conversations/<conversation_id:path>/tracker      GET                            retrieve_tracker
/status                                            GET                            status
/model/predict                                     POST                           tracker_predict
/model/train                                       POST                           train
/conversations/<conversation_id:path>/trigger_intent POST                           trigger_intent
/model                                             DELETE                         unload_model
/version                                           GET                            version
2025-03-01 07:45:43,673 [INFO ]  Starting Rasa server on http://0.0.0.0:5005
2025-03-01 07:45:43,673 [DEBUG]  Using the default number of Sanic workers (1).
2025-03-01 07:45:43,782 [DEBUG]  Skipping telemetry reporting: no license hash found.
2025-03-01 07:45:43,813 [DEBUG]  Connected to InMemoryTrackerStore.
2025-03-01 07:45:43,813 [DEBUG]  Connected to lock store 'InMemoryLockStore'.
2025-03-01 07:45:43,813 [DEBUG]  Instantiated NLG to 'TemplatedNaturalLanguageGenerator'.
2025-03-01 07:45:43,814 [INFO ]  Loading model models/20250301-074500-serious-disconnect.tar.gz...
2025-03-01 07:45:43,879 [DEBUG]  Extracted model to '/tmp/tmp5yruskuz'.
2025-03-01 07:45:43,882 [DEBUG]  Node 'nlu_message_converter' loading 'NLUMessageConverter.load' and kwargs: '{}'.
2025-03-01 07:45:43,882 [DEBUG]  Node 'run_WhitespaceTokenizer0' loading 'WhitespaceTokenizer.load' and kwargs: '{}'.
2025-03-01 07:45:43,884 [DEBUG]  Node 'run_RegexFeaturizer1' loading 'RegexFeaturizer.load' and kwargs: '{}'.
2025-03-01 07:45:43,885 [DEBUG]  Resource 'train_RegexFeaturizer1' was requested for reading.
2025-03-01 07:45:43,885 [DEBUG]  Node 'run_LexicalSyntacticFeaturizer2' loading 'LexicalSyntacticFeaturizer.load' and kwargs: '{}'.
2025-03-01 07:45:43,885 [DEBUG]  Resource 'train_LexicalSyntacticFeaturizer2' was requested for reading.
2025-03-01 07:45:43,885 [DEBUG]  Node 'run_CountVectorsFeaturizer3' loading 'CountVectorsFeaturizer.load' and kwargs: '{}'.
2025-03-01 07:45:43,885 [DEBUG]  Resource 'train_CountVectorsFeaturizer3' was requested for reading.
2025-03-01 07:45:43,886 [DEBUG]  Node 'run_LanguageModelFeaturizer4' loading 'LanguageModelFeaturizer.load' and kwargs: '{}'.
2025-03-01 07:45:44,584 [DEBUG]  Loading Tokenizer and Model for bert
2025-03-01 07:45:44,586 [DEBUG]  Starting new HTTPS connection (1): huggingface.co:443
2025-03-01 07:45:44,994 [DEBUG]  https://huggingface.co:443 "HEAD /bert-base-cased/resolve/main/tokenizer_config.json HTTP/1.1" 200 0
2025-03-01 07:45:45,187 [DEBUG]  https://huggingface.co:443 "HEAD /bert-base-cased/resolve/main/config.json HTTP/1.1" 200 0
2025-03-01 07:45:48,083 [DEBUG]  Node 'run_DIETClassifier5' loading 'DIETClassifier.load' and kwargs: '{}'.
2025-03-01 07:45:48,083 [DEBUG]  Resource 'train_DIETClassifier5' was requested for reading.
2025-03-01 07:45:48,085 [DEBUG]  Loading the model from /tmp/tmp5oz7z281/train_DIETClassifier5/DIETClassifier.tf_model with finetune_mode=False...
2025-03-01 07:45:48,104 [DEBUG]  You specified 'DIET' to train entities, but no entities are present in the training data. Skipping training of entities.
2025-03-01 07:45:48,133 [DEBUG]  Following metrics will be logged during training: 
2025-03-01 07:45:48,134 [DEBUG]    t_loss (total loss)
2025-03-01 07:45:48,134 [DEBUG]    i_acc (intent acc)
2025-03-01 07:45:48,134 [DEBUG]    i_loss (intent loss)
2025-03-01 07:45:56,499 [DEBUG]  Finished loading the model.
2025-03-01 07:45:56,500 [DEBUG]  Node 'run_EntitySynonymMapper6' loading 'EntitySynonymMapper.load' and kwargs: '{}'.
2025-03-01 07:45:56,500 [DEBUG]  Resource 'train_EntitySynonymMapper6' was requested for reading.
2025-03-01 07:45:56,500 [DEBUG]  Failed to load ABCMeta from model storage. Resource 'train_EntitySynonymMapper6' doesn't exist.
2025-03-01 07:45:56,500 [DEBUG]  Node 'run_ResponseSelector7' loading 'ResponseSelector.load' and kwargs: '{}'.
2025-03-01 07:45:56,501 [DEBUG]  Resource 'train_ResponseSelector7' was requested for reading.
2025-03-01 07:45:56,501 [DEBUG]  Failed to load ABCMeta from model storage. Resource 'train_ResponseSelector7' doesn't exist.
2025-03-01 07:45:56,501 [DEBUG]  Resource 'train_ResponseSelector7' was requested for reading.
2025-03-01 07:45:56,501 [DEBUG]  Failed to load ResponseSelector from model storage. Resource 'train_ResponseSelector7' doesn't exist.
2025-03-01 07:45:56,501 [DEBUG]  Node 'run_RegexMessageHandler' loading 'RegexMessageHandler.load' and kwargs: '{}'.
2025-03-01 07:45:56,501 [DEBUG]  Node 'domain_provider' loading 'DomainProvider.load' and kwargs: '{}'.
2025-03-01 07:45:56,501 [DEBUG]  Resource 'domain_provider' was requested for reading.
2025-03-01 07:45:56,522 [DEBUG]  Node 'run_MemoizationPolicy0' loading 'MemoizationPolicy.load' and kwargs: '{}'.
2025-03-01 07:45:56,522 [DEBUG]  Resource 'train_MemoizationPolicy0' was requested for reading.
2025-03-01 07:45:56,523 [DEBUG]  Node 'run_RulePolicy1' loading 'RulePolicy.load' and kwargs: '{}'.
2025-03-01 07:45:56,523 [DEBUG]  Resource 'train_RulePolicy1' was requested for reading.
2025-03-01 07:45:56,523 [DEBUG]  Node 'run_TEDPolicy2' loading 'TEDPolicy.load' and kwargs: '{}'.
2025-03-01 07:45:56,523 [DEBUG]  Resource 'train_TEDPolicy2' was requested for reading.
2025-03-01 07:45:56,526 [DEBUG]  Loading the model from /tmp/tmp5oz7z281/train_TEDPolicy2/ted_policy.tf_model with finetune_mode=False...
2025-03-01 07:46:08,320 [DEBUG]  Finished loading the model.
2025-03-01 07:46:08,320 [DEBUG]  Node 'rule_only_data_provider' loading 'RuleOnlyDataProvider.load' and kwargs: '{}'.
2025-03-01 07:46:08,320 [DEBUG]  Resource 'train_RulePolicy1' was requested for reading.
2025-03-01 07:46:08,321 [DEBUG]  Node 'select_prediction' loading 'DefaultPolicyPredictionEnsemble.load' and kwargs: '{}'.
2025-03-01 07:46:08,323 [INFO ]  Rasa server is up and running.
2025-03-01 07:46:08,324 [INFO ]  Enabling coroutine debugging. Loop id 990570800.
2025-03-01 07:47:00,400 [DEBUG]  Issuing ticket for conversation 'PractikumStudent'.
2025-03-01 07:47:00,401 [DEBUG]  Acquiring lock for conversation 'PractikumStudent'.
2025-03-01 07:47:00,401 [DEBUG]  Acquired lock for conversation 'PractikumStudent'.
2025-03-01 07:47:00,401 [DEBUG]  Could not find tracker for conversation ID 'PractikumStudent'.
2025-03-01 07:47:00,401 [DEBUG]  No event broker configured. Skipping streaming events.
2025-03-01 07:47:00,401 [DEBUG]  Starting a new session for conversation ID 'PractikumStudent'.
2025-03-01 07:47:00,403 [DEBUG]  [[32m[1mdebug    [0m] [1mprocessor.actions.policy_prediction[0m [36mprediction_events[0m=[35m[][0m
2025-03-01 07:47:00,403 [DEBUG]  [[32m[1mdebug    [0m] [1mprocessor.actions.log         [0m [36maction_name[0m=[35maction_session_start[0m [36mrasa_events[0m=[35m[<rasa.shared.core.events.SessionStarted object at 0x7e806170e950>, ActionExecuted(action: action_listen, policy: None, confidence: None)][0m
2025-03-01 07:47:00,404 [DEBUG]  [[32m[1mdebug    [0m] [1mprocessor.slots.log           [0m [36mslot_values[0m=[35m	topic: None
	session_started_metadata: None[0m
2025-03-01 07:47:00,405 [DEBUG]  Running graph with inputs: {'__message__': [<rasa.core.channels.channel.UserMessage object at 0x7e8061ee0730>], '__tracker__': <rasa.shared.core.trackers.DialogueStateTracker object at 0x7e806170fc70>}, targets: ['run_RegexMessageHandler'] and ExecutionContext(model_id='26e41fccb3974f1c9c6f64f2e00a3077', should_add_diagnostic_data=False, is_finetuning=False, node_name=None).
2025-03-01 07:47:00,405 [DEBUG]  Node 'nlu_message_converter' running 'NLUMessageConverter.convert_user_message'.
2025-03-01 07:47:00,406 [DEBUG]  Node 'run_WhitespaceTokenizer0' running 'WhitespaceTokenizer.process'.
2025-03-01 07:47:00,407 [DEBUG]  Node 'run_RegexFeaturizer1' running 'RegexFeaturizer.process'.
2025-03-01 07:47:00,407 [DEBUG]  Node 'run_LexicalSyntacticFeaturizer2' running 'LexicalSyntacticFeaturizer.process'.
2025-03-01 07:47:00,408 [DEBUG]  Node 'run_CountVectorsFeaturizer3' running 'CountVectorsFeaturizer.process'.
2025-03-01 07:47:00,408 [DEBUG]  Node 'run_LanguageModelFeaturizer4' running 'LanguageModelFeaturizer.process'.
2025-03-01 07:47:00,667 [DEBUG]  Node 'run_DIETClassifier5' running 'DIETClassifier.process'.
2025-03-01 07:47:00,840 [DEBUG]  Node 'run_EntitySynonymMapper6' running 'EntitySynonymMapper.process'.
2025-03-01 07:47:00,841 [DEBUG]  Node 'run_ResponseSelector7' running 'ResponseSelector.process'.
2025-03-01 07:47:00,841 [DEBUG]  There is no trained model for 'ResponseSelector': The component is either not trained or didn't receive enough training data.
2025-03-01 07:47:00,841 [DEBUG]  Adding following selector key to message property: default
2025-03-01 07:47:00,842 [DEBUG]  Node 'domain_provider' running 'DomainProvider.provide_inference'.
2025-03-01 07:47:00,842 [DEBUG]  Node 'run_RegexMessageHandler' running 'RegexMessageHandler.process'.
2025-03-01 07:47:00,842 [DEBUG]  [[32m[1mdebug    [0m] [1mprocessor.message.parse       [0m [36mparse_data_entities[0m=[35m[][0m [36mparse_data_intent[0m=[35m{'name': 'greet', 'confidence': 0.23149044811725616}[0m [36mparse_data_text[0m=[35mПривет[0m
2025-03-01 07:47:00,843 [DEBUG]  Logged UserUtterance - tracker now has 4 events.
2025-03-01 07:47:00,844 [DEBUG]  Validating extracted slots: topic
2025-03-01 07:47:00,844 [DEBUG]  [[32m[1mdebug    [0m] [1mprocessor.extract.slots       [0m [36maction_extract_slot[0m=[35maction_extract_slots[0m [36mlen_extraction_events[0m=[35m1[0m [36mrasa_events[0m=[35m[SlotSet(key: topic, value: Привет)][0m
2025-03-01 07:47:00,844 [DEBUG]  Running graph with inputs: {'__tracker__': <rasa.shared.core.trackers.DialogueStateTracker object at 0x7e806170fc70>}, targets: ['select_prediction'] and ExecutionContext(model_id='26e41fccb3974f1c9c6f64f2e00a3077', should_add_diagnostic_data=False, is_finetuning=False, node_name=None).
2025-03-01 07:47:00,845 [DEBUG]  Node 'rule_only_data_provider' running 'RuleOnlyDataProvider.provide'.
2025-03-01 07:47:00,845 [DEBUG]  Node 'domain_provider' running 'DomainProvider.provide_inference'.
2025-03-01 07:47:00,845 [DEBUG]  Node 'run_MemoizationPolicy0' running 'MemoizationPolicy.predict_action_probabilities'.
2025-03-01 07:47:00,846 [DEBUG]  [[32m[1mdebug    [0m] [1mmemoization.predict.actions   [0m [36mtracker_states[0m=[35m[{}, {'user': {'intent': 'greet'}, 'prev_action': {'action_name': 'action_listen'}}][0m
2025-03-01 07:47:00,846 [DEBUG]  There is a memorised next action 'utter_greet'
2025-03-01 07:47:00,846 [DEBUG]  Node 'run_RulePolicy1' running 'RulePolicy.predict_action_probabilities'.
2025-03-01 07:47:00,846 [DEBUG]  [[32m[1mdebug    [0m] [1mrule_policy.actions.find      [0m [36mcurrent_states[0m=[35m
[state 1] user text: Привет | previous action name: action_listen[0m
2025-03-01 07:47:00,847 [DEBUG]  There is no applicable rule.
2025-03-01 07:47:00,847 [DEBUG]  [[32m[1mdebug    [0m] [1mrule_policy.actions.find      [0m [36mcurrent_states[0m=[35m
[state 1] user intent: greet | previous action name: action_listen[0m
2025-03-01 07:47:00,847 [DEBUG]  There is a rule for the next action 'utter_greet'.
2025-03-01 07:47:00,847 [DEBUG]  Node 'run_TEDPolicy2' running 'TEDPolicy.predict_action_probabilities'.
2025-03-01 07:47:00,853 [DEBUG]  TED predicted 'utter_greet' based on user intent.
2025-03-01 07:47:00,853 [DEBUG]  Node 'select_prediction' running 'DefaultPolicyPredictionEnsemble.combine_predictions_from_kwargs'.
2025-03-01 07:47:00,853 [DEBUG]  Made prediction using user intent.
2025-03-01 07:47:00,854 [DEBUG]  Added `DefinePrevUserUtteredFeaturization(False)` event.
2025-03-01 07:47:00,854 [DEBUG]  Predicted next action using RulePolicy.
2025-03-01 07:47:00,854 [DEBUG]  Predicted next action 'utter_greet' with confidence 1.00.
2025-03-01 07:47:00,855 [DEBUG]  [[32m[1mdebug    [0m] [1mprocessor.actions.policy_prediction[0m [36mprediction_events[0m=[35m[<rasa.shared.core.events.DefinePrevUserUtteredFeaturization object at 0x7e8061db1870>][0m
2025-03-01 07:47:00,855 [DEBUG]  [[32m[1mdebug    [0m] [1mprocessor.actions.log         [0m [36maction_name[0m=[35mutter_greet[0m [36mrasa_events[0m=[35m[BotUttered('Привет! Чем могу помочь в области архитектуры программного обеспечения?', {"elements": null, "quick_replies": null, "buttons": null, "attachment": null, "image": null, "custom": null}, {"utter_action": "utter_greet"}, 1740815220.8549416)][0m
2025-03-01 07:47:00,855 [DEBUG]  Running graph with inputs: {'__tracker__': <rasa.shared.core.trackers.DialogueStateTracker object at 0x7e806170fc70>}, targets: ['select_prediction'] and ExecutionContext(model_id='26e41fccb3974f1c9c6f64f2e00a3077', should_add_diagnostic_data=False, is_finetuning=False, node_name=None).
2025-03-01 07:47:00,856 [DEBUG]  Node 'rule_only_data_provider' running 'RuleOnlyDataProvider.provide'.
2025-03-01 07:47:00,856 [DEBUG]  Node 'domain_provider' running 'DomainProvider.provide_inference'.
2025-03-01 07:47:00,856 [DEBUG]  Node 'run_MemoizationPolicy0' running 'MemoizationPolicy.predict_action_probabilities'.
2025-03-01 07:47:00,856 [DEBUG]  [[32m[1mdebug    [0m] [1mmemoization.predict.actions   [0m [36mtracker_states[0m=[35m[{'user': {'intent': 'greet'}, 'prev_action': {'action_name': 'action_listen'}}, {'user': {'intent': 'greet'}, 'prev_action': {'action_name': 'utter_greet'}}][0m
2025-03-01 07:47:00,856 [DEBUG]  There is a memorised next action 'action_listen'
2025-03-01 07:47:00,857 [DEBUG]  Node 'run_RulePolicy1' running 'RulePolicy.predict_action_probabilities'.
2025-03-01 07:47:00,857 [DEBUG]  [[32m[1mdebug    [0m] [1mrule_policy.actions.find      [0m [36mcurrent_states[0m=[35m
[state 1] user intent: greet | previous action name: action_listen
[state 2] user intent: greet | previous action name: utter_greet[0m
2025-03-01 07:47:00,857 [DEBUG]  There is a rule for the next action 'action_listen'.
2025-03-01 07:47:00,857 [DEBUG]  Node 'run_TEDPolicy2' running 'TEDPolicy.predict_action_probabilities'.
2025-03-01 07:47:00,862 [DEBUG]  TED predicted 'action_listen' based on user intent.
2025-03-01 07:47:00,862 [DEBUG]  Node 'select_prediction' running 'DefaultPolicyPredictionEnsemble.combine_predictions_from_kwargs'.
2025-03-01 07:47:00,862 [DEBUG]  Predicted next action using RulePolicy.
2025-03-01 07:47:00,862 [DEBUG]  Predicted next action 'action_listen' with confidence 1.00.
2025-03-01 07:47:00,863 [DEBUG]  [[32m[1mdebug    [0m] [1mprocessor.actions.policy_prediction[0m [36mprediction_events[0m=[35m[][0m
2025-03-01 07:47:00,863 [DEBUG]  [[32m[1mdebug    [0m] [1mprocessor.actions.log         [0m [36maction_name[0m=[35maction_listen[0m [36mrasa_events[0m=[35m[][0m
2025-03-01 07:47:00,863 [DEBUG]  No event broker configured. Skipping streaming events.
2025-03-01 07:47:00,863 [DEBUG]  Deleted lock for conversation 'PractikumStudent'.
2025-03-01 07:47:10,246 [DEBUG]  Issuing ticket for conversation 'PractikumStudent'.
2025-03-01 07:47:10,246 [DEBUG]  Acquiring lock for conversation 'PractikumStudent'.
2025-03-01 07:47:10,246 [DEBUG]  Acquired lock for conversation 'PractikumStudent'.
2025-03-01 07:47:10,246 [DEBUG]  Recreating tracker for id 'PractikumStudent'
2025-03-01 07:47:10,248 [DEBUG]  Running graph with inputs: {'__message__': [<rasa.core.channels.channel.UserMessage object at 0x7e8061ee0730>], '__tracker__': <rasa.shared.core.trackers.DialogueStateTracker object at 0x7e8061d98970>}, targets: ['run_RegexMessageHandler'] and ExecutionContext(model_id='26e41fccb3974f1c9c6f64f2e00a3077', should_add_diagnostic_data=False, is_finetuning=False, node_name=None).
2025-03-01 07:47:10,248 [DEBUG]  Node 'nlu_message_converter' running 'NLUMessageConverter.convert_user_message'.
2025-03-01 07:47:10,248 [DEBUG]  Node 'run_WhitespaceTokenizer0' running 'WhitespaceTokenizer.process'.
2025-03-01 07:47:10,248 [DEBUG]  Node 'run_RegexFeaturizer1' running 'RegexFeaturizer.process'.
2025-03-01 07:47:10,249 [DEBUG]  Node 'run_LexicalSyntacticFeaturizer2' running 'LexicalSyntacticFeaturizer.process'.
2025-03-01 07:47:10,249 [DEBUG]  Node 'run_CountVectorsFeaturizer3' running 'CountVectorsFeaturizer.process'.
2025-03-01 07:47:10,250 [DEBUG]  Node 'run_LanguageModelFeaturizer4' running 'LanguageModelFeaturizer.process'.
2025-03-01 07:47:10,499 [DEBUG]  Node 'run_DIETClassifier5' running 'DIETClassifier.process'.
2025-03-01 07:47:10,505 [DEBUG]  Node 'run_EntitySynonymMapper6' running 'EntitySynonymMapper.process'.
2025-03-01 07:47:10,505 [DEBUG]  Node 'run_ResponseSelector7' running 'ResponseSelector.process'.
2025-03-01 07:47:10,505 [DEBUG]  There is no trained model for 'ResponseSelector': The component is either not trained or didn't receive enough training data.
2025-03-01 07:47:10,505 [DEBUG]  Adding following selector key to message property: default
2025-03-01 07:47:10,505 [DEBUG]  Node 'domain_provider' running 'DomainProvider.provide_inference'.
2025-03-01 07:47:10,506 [DEBUG]  Node 'run_RegexMessageHandler' running 'RegexMessageHandler.process'.
2025-03-01 07:47:10,506 [DEBUG]  [[32m[1mdebug    [0m] [1mprocessor.message.parse       [0m [36mparse_data_entities[0m=[35m[][0m [36mparse_data_intent[0m=[35m{'name': 'ask_architecture', 'confidence': 0.25372743606567383}[0m [36mparse_data_text[0m=[35mРасскажи об архитектуре ПО[0m
2025-03-01 07:47:10,506 [DEBUG]  Logged UserUtterance - tracker now has 10 events.
2025-03-01 07:47:10,507 [DEBUG]  Validating extracted slots: topic
2025-03-01 07:47:10,507 [DEBUG]  [[32m[1mdebug    [0m] [1mprocessor.extract.slots       [0m [36maction_extract_slot[0m=[35maction_extract_slots[0m [36mlen_extraction_events[0m=[35m1[0m [36mrasa_events[0m=[35m[SlotSet(key: topic, value: Расскажи об архитектуре ПО)][0m
2025-03-01 07:47:10,507 [DEBUG]  Running graph with inputs: {'__tracker__': <rasa.shared.core.trackers.DialogueStateTracker object at 0x7e8061d98970>}, targets: ['select_prediction'] and ExecutionContext(model_id='26e41fccb3974f1c9c6f64f2e00a3077', should_add_diagnostic_data=False, is_finetuning=False, node_name=None).
2025-03-01 07:47:10,508 [DEBUG]  Node 'rule_only_data_provider' running 'RuleOnlyDataProvider.provide'.
2025-03-01 07:47:10,508 [DEBUG]  Node 'domain_provider' running 'DomainProvider.provide_inference'.
2025-03-01 07:47:10,508 [DEBUG]  Node 'run_MemoizationPolicy0' running 'MemoizationPolicy.predict_action_probabilities'.
2025-03-01 07:47:10,508 [DEBUG]  [[32m[1mdebug    [0m] [1mmemoization.predict.actions   [0m [36mtracker_states[0m=[35m[{'user': {'intent': 'greet'}, 'prev_action': {'action_name': 'utter_greet'}}, {'user': {'intent': 'ask_architecture'}, 'prev_action': {'action_name': 'action_listen'}}][0m
2025-03-01 07:47:10,508 [DEBUG]  There is a memorised next action 'utter_architecture_response'
2025-03-01 07:47:10,509 [DEBUG]  Node 'run_RulePolicy1' running 'RulePolicy.predict_action_probabilities'.
2025-03-01 07:47:10,509 [DEBUG]  [[32m[1mdebug    [0m] [1mrule_policy.actions.find      [0m [36mcurrent_states[0m=[35m
[state 1] user intent: greet | previous action name: action_listen
[state 2] user intent: greet | previous action name: utter_greet
[state 3] user text: Расскажи об архитектуре ПО | previous action name: action_listen[0m
2025-03-01 07:47:10,509 [DEBUG]  There is no applicable rule.
2025-03-01 07:47:10,509 [DEBUG]  [[32m[1mdebug    [0m] [1mrule_policy.actions.find      [0m [36mcurrent_states[0m=[35m
[state 1] user intent: greet | previous action name: action_listen
[state 2] user intent: greet | previous action name: utter_greet
[state 3] user intent: ask_architecture | previous action name: action_listen[0m
2025-03-01 07:47:10,510 [DEBUG]  There is a rule for the next action 'utter_architecture_response'.
2025-03-01 07:47:10,510 [DEBUG]  Node 'run_TEDPolicy2' running 'TEDPolicy.predict_action_probabilities'.
2025-03-01 07:47:10,514 [DEBUG]  TED predicted 'utter_architecture_response' based on user intent.
2025-03-01 07:47:10,514 [DEBUG]  Node 'select_prediction' running 'DefaultPolicyPredictionEnsemble.combine_predictions_from_kwargs'.
2025-03-01 07:47:10,515 [DEBUG]  Made prediction using user intent.
2025-03-01 07:47:10,515 [DEBUG]  Added `DefinePrevUserUtteredFeaturization(False)` event.
2025-03-01 07:47:10,515 [DEBUG]  Predicted next action using RulePolicy.
2025-03-01 07:47:10,515 [DEBUG]  Predicted next action 'utter_architecture_response' with confidence 1.00.
2025-03-01 07:47:10,515 [DEBUG]  [[32m[1mdebug    [0m] [1mprocessor.actions.policy_prediction[0m [36mprediction_events[0m=[35m[<rasa.shared.core.events.DefinePrevUserUtteredFeaturization object at 0x7e8061db2140>][0m
2025-03-01 07:47:10,516 [DEBUG]  [[32m[1mdebug    [0m] [1mprocessor.actions.log         [0m [36maction_name[0m=[35mutter_architecture_response[0m [36mrasa_events[0m=[35m[BotUttered('Архитектура ПО включает выбор структур, которые обеспечивают масштабируемость, гибкость и поддерживаемость приложения. Задайте конкретный вопрос по этой теме, и я помогу вам с информацией.', {"elements": null, "quick_replies": null, "buttons": null, "attachment": null, "image": null, "custom": null}, {"utter_action": "utter_architecture_response"}, 1740815230.5158005)][0m
2025-03-01 07:47:10,516 [DEBUG]  Running graph with inputs: {'__tracker__': <rasa.shared.core.trackers.DialogueStateTracker object at 0x7e8061d98970>}, targets: ['select_prediction'] and ExecutionContext(model_id='26e41fccb3974f1c9c6f64f2e00a3077', should_add_diagnostic_data=False, is_finetuning=False, node_name=None).
2025-03-01 07:47:10,516 [DEBUG]  Node 'rule_only_data_provider' running 'RuleOnlyDataProvider.provide'.
2025-03-01 07:47:10,516 [DEBUG]  Node 'domain_provider' running 'DomainProvider.provide_inference'.
2025-03-01 07:47:10,517 [DEBUG]  Node 'run_MemoizationPolicy0' running 'MemoizationPolicy.predict_action_probabilities'.
2025-03-01 07:47:10,517 [DEBUG]  [[32m[1mdebug    [0m] [1mmemoization.predict.actions   [0m [36mtracker_states[0m=[35m[{'user': {'intent': 'ask_architecture'}, 'prev_action': {'action_name': 'action_listen'}}, {'user': {'intent': 'ask_architecture'}, 'prev_action': {'action_name': 'utter_architecture_response'}}][0m
2025-03-01 07:47:10,517 [DEBUG]  There is a memorised next action 'action_listen'
2025-03-01 07:47:10,517 [DEBUG]  Node 'run_RulePolicy1' running 'RulePolicy.predict_action_probabilities'.
2025-03-01 07:47:10,518 [DEBUG]  [[32m[1mdebug    [0m] [1mrule_policy.actions.find      [0m [36mcurrent_states[0m=[35m
[state 1] user intent: greet | previous action name: action_listen
[state 2] user intent: greet | previous action name: utter_greet
[state 3] user intent: ask_architecture | previous action name: action_listen
[state 4] user intent: ask_architecture | previous action name: utter_architecture_response[0m
2025-03-01 07:47:10,518 [DEBUG]  There is a rule for the next action 'action_listen'.
2025-03-01 07:47:10,518 [DEBUG]  Node 'run_TEDPolicy2' running 'TEDPolicy.predict_action_probabilities'.
2025-03-01 07:47:10,522 [DEBUG]  TED predicted 'action_listen' based on user intent.
2025-03-01 07:47:10,523 [DEBUG]  Node 'select_prediction' running 'DefaultPolicyPredictionEnsemble.combine_predictions_from_kwargs'.
2025-03-01 07:47:10,523 [DEBUG]  Predicted next action using RulePolicy.
2025-03-01 07:47:10,523 [DEBUG]  Predicted next action 'action_listen' with confidence 1.00.
2025-03-01 07:47:10,523 [DEBUG]  [[32m[1mdebug    [0m] [1mprocessor.actions.policy_prediction[0m [36mprediction_events[0m=[35m[][0m
2025-03-01 07:47:10,524 [DEBUG]  [[32m[1mdebug    [0m] [1mprocessor.actions.log         [0m [36maction_name[0m=[35maction_listen[0m [36mrasa_events[0m=[35m[][0m
2025-03-01 07:47:10,524 [DEBUG]  No event broker configured. Skipping streaming events.
2025-03-01 07:47:10,524 [DEBUG]  Deleted lock for conversation 'PractikumStudent'.
2025-03-01 07:47:16,262 [DEBUG]  Issuing ticket for conversation 'PractikumStudent'.
2025-03-01 07:47:16,262 [DEBUG]  Acquiring lock for conversation 'PractikumStudent'.
2025-03-01 07:47:16,262 [DEBUG]  Acquired lock for conversation 'PractikumStudent'.
2025-03-01 07:47:16,262 [DEBUG]  Recreating tracker for id 'PractikumStudent'
2025-03-01 07:47:16,264 [DEBUG]  Running graph with inputs: {'__message__': [<rasa.core.channels.channel.UserMessage object at 0x7e8061ee1e10>], '__tracker__': <rasa.shared.core.trackers.DialogueStateTracker object at 0x7e8061d98970>}, targets: ['run_RegexMessageHandler'] and ExecutionContext(model_id='26e41fccb3974f1c9c6f64f2e00a3077', should_add_diagnostic_data=False, is_finetuning=False, node_name=None).
2025-03-01 07:47:16,264 [DEBUG]  Node 'nlu_message_converter' running 'NLUMessageConverter.convert_user_message'.
2025-03-01 07:47:16,265 [DEBUG]  Node 'run_WhitespaceTokenizer0' running 'WhitespaceTokenizer.process'.
2025-03-01 07:47:16,265 [DEBUG]  Node 'run_RegexFeaturizer1' running 'RegexFeaturizer.process'.
2025-03-01 07:47:16,265 [DEBUG]  Node 'run_LexicalSyntacticFeaturizer2' running 'LexicalSyntacticFeaturizer.process'.
2025-03-01 07:47:16,266 [DEBUG]  Node 'run_CountVectorsFeaturizer3' running 'CountVectorsFeaturizer.process'.
2025-03-01 07:47:16,266 [DEBUG]  Node 'run_LanguageModelFeaturizer4' running 'LanguageModelFeaturizer.process'.
2025-03-01 07:47:16,480 [DEBUG]  Node 'run_DIETClassifier5' running 'DIETClassifier.process'.
2025-03-01 07:47:16,486 [DEBUG]  Node 'run_EntitySynonymMapper6' running 'EntitySynonymMapper.process'.
2025-03-01 07:47:16,486 [DEBUG]  Node 'run_ResponseSelector7' running 'ResponseSelector.process'.
2025-03-01 07:47:16,487 [DEBUG]  There is no trained model for 'ResponseSelector': The component is either not trained or didn't receive enough training data.
2025-03-01 07:47:16,487 [DEBUG]  Adding following selector key to message property: default
2025-03-01 07:47:16,487 [DEBUG]  Node 'domain_provider' running 'DomainProvider.provide_inference'.
2025-03-01 07:47:16,487 [DEBUG]  Node 'run_RegexMessageHandler' running 'RegexMessageHandler.process'.
2025-03-01 07:47:16,487 [DEBUG]  [[32m[1mdebug    [0m] [1mprocessor.message.parse       [0m [36mparse_data_entities[0m=[35m[][0m [36mparse_data_intent[0m=[35m{'name': 'goodbye', 'confidence': 0.19720500707626343}[0m [36mparse_data_text[0m=[35mДо свидания[0m
2025-03-01 07:47:16,488 [DEBUG]  Logged UserUtterance - tracker now has 16 events.
2025-03-01 07:47:16,488 [DEBUG]  Validating extracted slots: topic
2025-03-01 07:47:16,488 [DEBUG]  [[32m[1mdebug    [0m] [1mprocessor.extract.slots       [0m [36maction_extract_slot[0m=[35maction_extract_slots[0m [36mlen_extraction_events[0m=[35m1[0m [36mrasa_events[0m=[35m[SlotSet(key: topic, value: До свидания)][0m
2025-03-01 07:47:16,489 [DEBUG]  Running graph with inputs: {'__tracker__': <rasa.shared.core.trackers.DialogueStateTracker object at 0x7e8061d98970>}, targets: ['select_prediction'] and ExecutionContext(model_id='26e41fccb3974f1c9c6f64f2e00a3077', should_add_diagnostic_data=False, is_finetuning=False, node_name=None).
2025-03-01 07:47:16,489 [DEBUG]  Node 'rule_only_data_provider' running 'RuleOnlyDataProvider.provide'.
2025-03-01 07:47:16,489 [DEBUG]  Node 'domain_provider' running 'DomainProvider.provide_inference'.
2025-03-01 07:47:16,489 [DEBUG]  Node 'run_MemoizationPolicy0' running 'MemoizationPolicy.predict_action_probabilities'.
2025-03-01 07:47:16,490 [DEBUG]  [[32m[1mdebug    [0m] [1mmemoization.predict.actions   [0m [36mtracker_states[0m=[35m[{'user': {'intent': 'ask_architecture'}, 'prev_action': {'action_name': 'utter_architecture_response'}}, {'user': {'intent': 'goodbye'}, 'prev_action': {'action_name': 'action_listen'}}][0m
2025-03-01 07:47:16,490 [DEBUG]  There is no memorised next action
2025-03-01 07:47:16,490 [DEBUG]  Node 'run_RulePolicy1' running 'RulePolicy.predict_action_probabilities'.
2025-03-01 07:47:16,490 [DEBUG]  [[32m[1mdebug    [0m] [1mrule_policy.actions.find      [0m [36mcurrent_states[0m=[35m
[state 1] user intent: greet | previous action name: action_listen
[state 2] user intent: greet | previous action name: utter_greet
[state 3] user intent: ask_architecture | previous action name: action_listen
[state 4] user intent: ask_architecture | previous action name: utter_architecture_response
[state 5] user text: До свидания | previous action name: action_listen[0m
2025-03-01 07:47:16,491 [DEBUG]  There is no applicable rule.
2025-03-01 07:47:16,491 [DEBUG]  [[32m[1mdebug    [0m] [1mrule_policy.actions.find      [0m [36mcurrent_states[0m=[35m
[state 1] user intent: greet | previous action name: action_listen
[state 2] user intent: greet | previous action name: utter_greet
[state 3] user intent: ask_architecture | previous action name: action_listen
[state 4] user intent: ask_architecture | previous action name: utter_architecture_response
[state 5] user intent: goodbye | previous action name: action_listen[0m
2025-03-01 07:47:16,491 [DEBUG]  There is a rule for the next action 'utter_goodbye'.
2025-03-01 07:47:16,491 [DEBUG]  Node 'run_TEDPolicy2' running 'TEDPolicy.predict_action_probabilities'.
2025-03-01 07:47:16,496 [DEBUG]  TED predicted 'utter_goodbye' based on user intent.
2025-03-01 07:47:16,496 [DEBUG]  Node 'select_prediction' running 'DefaultPolicyPredictionEnsemble.combine_predictions_from_kwargs'.
2025-03-01 07:47:16,496 [DEBUG]  Made prediction using user intent.
2025-03-01 07:47:16,496 [DEBUG]  Added `DefinePrevUserUtteredFeaturization(False)` event.
2025-03-01 07:47:16,496 [DEBUG]  Predicted next action using RulePolicy.
2025-03-01 07:47:16,496 [DEBUG]  Predicted next action 'utter_goodbye' with confidence 1.00.
2025-03-01 07:47:16,497 [DEBUG]  [[32m[1mdebug    [0m] [1mprocessor.actions.policy_prediction[0m [36mprediction_events[0m=[35m[<rasa.shared.core.events.DefinePrevUserUtteredFeaturization object at 0x7e8061db2140>][0m
2025-03-01 07:47:16,497 [DEBUG]  [[32m[1mdebug    [0m] [1mprocessor.actions.log         [0m [36maction_name[0m=[35mutter_goodbye[0m [36mrasa_events[0m=[35m[BotUttered('До свидания! Если появятся вопросы по архитектуре ПО, обращайтесь.', {"elements": null, "quick_replies": null, "buttons": null, "attachment": null, "image": null, "custom": null}, {"utter_action": "utter_goodbye"}, 1740815236.4973118)][0m
2025-03-01 07:47:16,497 [DEBUG]  Running graph with inputs: {'__tracker__': <rasa.shared.core.trackers.DialogueStateTracker object at 0x7e8061d98970>}, targets: ['select_prediction'] and ExecutionContext(model_id='26e41fccb3974f1c9c6f64f2e00a3077', should_add_diagnostic_data=False, is_finetuning=False, node_name=None).
2025-03-01 07:47:16,498 [DEBUG]  Node 'rule_only_data_provider' running 'RuleOnlyDataProvider.provide'.
2025-03-01 07:47:16,498 [DEBUG]  Node 'domain_provider' running 'DomainProvider.provide_inference'.
2025-03-01 07:47:16,498 [DEBUG]  Node 'run_MemoizationPolicy0' running 'MemoizationPolicy.predict_action_probabilities'.
2025-03-01 07:47:16,499 [DEBUG]  [[32m[1mdebug    [0m] [1mmemoization.predict.actions   [0m [36mtracker_states[0m=[35m[{'user': {'intent': 'goodbye'}, 'prev_action': {'action_name': 'action_listen'}}, {'user': {'intent': 'goodbye'}, 'prev_action': {'action_name': 'utter_goodbye'}}][0m
2025-03-01 07:47:16,499 [DEBUG]  There is a memorised next action 'action_listen'
2025-03-01 07:47:16,499 [DEBUG]  Node 'run_RulePolicy1' running 'RulePolicy.predict_action_probabilities'.
2025-03-01 07:47:16,499 [DEBUG]  [[32m[1mdebug    [0m] [1mrule_policy.actions.find      [0m [36mcurrent_states[0m=[35m
[state 1] user intent: greet | previous action name: action_listen
[state 2] user intent: greet | previous action name: utter_greet
[state 3] user intent: ask_architecture | previous action name: action_listen
[state 4] user intent: ask_architecture | previous action name: utter_architecture_response
[state 5] user intent: goodbye | previous action name: action_listen
[state 6] user intent: goodbye | previous action name: utter_goodbye[0m
2025-03-01 07:47:16,499 [DEBUG]  There is a rule for the next action 'action_listen'.
2025-03-01 07:47:16,500 [DEBUG]  Node 'run_TEDPolicy2' running 'TEDPolicy.predict_action_probabilities'.
2025-03-01 07:47:16,504 [DEBUG]  TED predicted 'action_listen' based on user intent.
2025-03-01 07:47:16,504 [DEBUG]  Node 'select_prediction' running 'DefaultPolicyPredictionEnsemble.combine_predictions_from_kwargs'.
2025-03-01 07:47:16,504 [DEBUG]  Predicted next action using RulePolicy.
2025-03-01 07:47:16,504 [DEBUG]  Predicted next action 'action_listen' with confidence 1.00.
2025-03-01 07:47:16,505 [DEBUG]  [[32m[1mdebug    [0m] [1mprocessor.actions.policy_prediction[0m [36mprediction_events[0m=[35m[][0m
2025-03-01 07:47:16,505 [DEBUG]  [[32m[1mdebug    [0m] [1mprocessor.actions.log         [0m [36maction_name[0m=[35maction_listen[0m [36mrasa_events[0m=[35m[][0m
2025-03-01 07:47:16,505 [DEBUG]  No event broker configured. Skipping streaming events.
2025-03-01 07:47:16,506 [DEBUG]  Deleted lock for conversation 'PractikumStudent'.
